Testing with file: C:\projects\KanakLabV\Lbvault\backend\uploads\reports\report-1775546887485-cbc_lab_report.pdf
[OCR PIPELINE] Extracting raw text from C:\projects\KanakLabV\Lbvault\backend\uploads\reports\report-1775546887485-cbc_lab_report.pdf using Gemini 2.0 Flash...
node : [EXTRACTION FATAL 
EXCEPTION] 
[GoogleGenerativeAI 
Error]: Error fetching 
from https://generativelan
guage.googleapis.com/v1bet
a/models/gemini-2.0-flash:
generateContent: [429 Too 
Many Requests] You 
exceeded your current 
quota, please check your 
plan and billing details. 
For more information on 
this error, head to: https
://ai.google.dev/gemini-ap
i/docs/rate-limits. To 
monitor your current 
usage, head to: https://ai
.dev/rate-limit. 
At line:1 char:1
+ node test_pipeline.js > 
test_output.txt 2>&1
+ ~~~~~~~~~~~~~~~~~~~~~~~~
~~~~~~~~~~~~~~~~~~~~
    + CategoryInfo        
      : NotSpecified: ([  
  EXTRACTION FAT...ev/r   
 ate-limit. :String) [    
], RemoteException
    + FullyQualifiedError 
   Id : NativeCommandErr  
  or
 
* Quota exceeded for 
metric: generativelanguage
.googleapis.com/generate_c
ontent_free_tier_input_tok
en_count, limit: 0, 
model: gemini-2.0-flash
* Quota exceeded for 
metric: generativelanguage
.googleapis.com/generate_c
ontent_free_tier_requests,
 limit: 0, model: 
gemini-2.0-flash
* Quota exceeded for 
metric: generativelanguage
.googleapis.com/generate_c
ontent_free_tier_requests,
 limit: 0, model: 
gemini-2.0-flash
Please retry in 
33.436173348s. [{"@type":"
type.googleapis.com/google
.rpc.Help","links":[{"desc
ription":"Learn more 
about Gemini API quotas","
url":"https://ai.google.de
v/gemini-api/docs/rate-lim
its"}]},{"@type":"type.goo
gleapis.com/google.rpc.Quo
taFailure","violations":[{
"quotaMetric":"generativel
anguage.googleapis.com/gen
erate_content_free_tier_in
put_token_count","quotaId"
:"GenerateContentInputToke
nsPerModelPerMinute-FreeTi
er","quotaDimensions":{"lo
cation":"global","model":"
gemini-2.0-flash"}},{"quot
aMetric":"generativelangua
ge.googleapis.com/generate
_content_free_tier_request
s","quotaId":"GenerateRequ
estsPerMinutePerProjectPer
Model-FreeTier","quotaDime
nsions":{"model":"gemini-2
.0-flash","location":"glob
al"}},{"quotaMetric":"gene
rativelanguage.googleapis.
com/generate_content_free_
tier_requests","quotaId":"
GenerateRequestsPerDayPerP
rojectPerModel-FreeTier","
quotaDimensions":{"locatio
n":"global","model":"gemin
i-2.0-flash"}}]},{"@type":
"type.googleapis.com/googl
e.rpc.RetryInfo","retryDel
ay":"33s"}] Error: 
[GoogleGenerativeAI 
Error]: Error fetching 
from https://generativelan
guage.googleapis.com/v1bet
a/models/gemini-2.0-flash:
generateContent: [429 Too 
Many Requests] You 
exceeded your current 
quota, please check your 
plan and billing details. 
For more information on 
this error, head to: https
://ai.google.dev/gemini-ap
i/docs/rate-limits. To 
monitor your current 
usage, head to: https://ai
.dev/rate-limit. 
* Quota exceeded for 
metric: generativelanguage
.googleapis.com/generate_c
ontent_free_tier_input_tok
en_count, limit: 0, 
model: gemini-2.0-flash
* Quota exceeded for 
metric: generativelanguage
.googleapis.com/generate_c
ontent_free_tier_requests,
 limit: 0, model: 
gemini-2.0-flash
* Quota exceeded for 
metric: generativelanguage
.googleapis.com/generate_c
ontent_free_tier_requests,
 limit: 0, model: 
gemini-2.0-flash
Please retry in 
33.436173348s. [{"@type":"
type.googleapis.com/google
.rpc.Help","links":[{"desc
ription":"Learn more 
about Gemini API quotas","
url":"https://ai.google.de
v/gemini-api/docs/rate-lim
its"}]},{"@type":"type.goo
gleapis.com/google.rpc.Quo
taFailure","violations":[{
"quotaMetric":"generativel
anguage.googleapis.com/gen
erate_content_free_tier_in
put_token_count","quotaId"
:"GenerateContentInputToke
nsPerModelPerMinute-FreeTi
er","quotaDimensions":{"lo
cation":"global","model":"
gemini-2.0-flash"}},{"quot
aMetric":"generativelangua
ge.googleapis.com/generate
_content_free_tier_request
s","quotaId":"GenerateRequ
estsPerMinutePerProjectPer
Model-FreeTier","quotaDime
nsions":{"model":"gemini-2
.0-flash","location":"glob
al"}},{"quotaMetric":"gene
rativelanguage.googleapis.
com/generate_content_free_
tier_requests","quotaId":"
GenerateRequestsPerDayPerP
rojectPerModel-FreeTier","
quotaDimensions":{"locatio
n":"global","model":"gemin
i-2.0-flash"}}]},{"@type":
"type.googleapis.com/googl
e.rpc.RetryInfo","retryDel
ay":"33s"}]
    at 
handleResponseNotOk (C:\pr
ojects\KanakLabV\Lbvault\b
ackend\node_modules\@googl
e\generative-ai\dist\index
.js:434:11)
    at process.processTick
sAndRejections (node:inter
nal/process/task_queues:95
:5)
    at async makeRequest (
C:\projects\KanakLabV\Lbva
ult\backend\node_modules\@
google\generative-ai\dist\
index.js:403:9)
    at async 
generateContent (C:\projec
ts\KanakLabV\Lbvault\backe
nd\node_modules\@google\ge
nerative-ai\dist\index.js:
867:22)
    at async exports.extra
ctBiomarkersFromDocument (
C:\projects\KanakLabV\Lbva
ult\backend\services\aiSer
vice.js:31:32)
    at async test (C:\proj
ects\KanakLabV\Lbvault\bac
kend\test_pipeline.js:9:24
)
Result extracted text length: 63
Result extracted text preview: Native parsing failed. Please upload a clear Text PDF or image.
Biomarkers: []
